python : INFO:     Started server process [28540]
所在位置 行:1 字符: 5
+ & { python quick_test.py > test_output.txt 2>&1 ; type te
st_output.tx ...
+     ~~~~~~~~~~~~~~~~~~~~~~~~~~~~~~~~~~~~~~~~~~~
    + CategoryInfo          : NotSpecified: (INFO:     Sta 
   rted server process [28540]:String) [], RemoteExceptio  
  n
    + FullyQualifiedErrorId : NativeCommandError
 
INFO:     Waiting for application startup.
INFO:     Application startup complete.
INFO:     Uvicorn running on http://0.0.0.0:8000 (Press CTR
L+C to quit)
Database initialized!
INFO:     127.0.0.1:4957 - "POST /register HTTP/1.1" 200 OK
INFO:     127.0.0.1:4959 - "POST /login HTTP/1.1" 200 OK
INFO:     127.0.0.1:4961 - "GET /dashboard HTTP/1.1" 200 OK
Step 1 done - cleaned DB

Step 2 - starting server...
Step 2 done - server started

Step 3 - testing register...
Register status: 200
Register response: {"id":5,"username":"demo_user","blogger_id":"demo_blogger_001","created_at":"2026-05-27 21:10:45","last_analysis_time":null}

Step 4 - testing login...
Login status: 200
Login response: {"access_token":"eyJhbGciOiJIUzI1NiIsInR5cCI6IkpXVCJ9.eyJzdWIiOiJkZW1vX3VzZXIiLCJleHAiOjE3ODA1MjEwNDd9.jCaBHyJIjaZ1Jygb_xvGCzs47_-nHz83FDrJrFH1j6E","token_type":"bearer"}

Step 5 - testing dashboard...
Dashboard status: 200

Step 6 - stopping server...
All done!
